create -> CREATE_TOKEN, LEN: 6, LINE: 1 
\n -> END_OF_LINE_TOKEN, LEN: 1, LINE: 2 
as -> AS_TOKEN, LEN: 2, LINE: 2 
\n -> END_OF_LINE_TOKEN, LEN: 1, LINE: 3 
start -> START_SCOPE_TOKEN, LEN: 5, LINE: 3 
\n -> END_OF_LINE_TOKEN, LEN: 1, LINE: 4 
end -> END_SCOPE_TOKEN, LEN: 3, LINE: 4 
\n -> END_OF_LINE_TOKEN, LEN: 1, LINE: 5 
if -> IF_TOKEN, LEN: 2, LINE: 5 
\n -> END_OF_LINE_TOKEN, LEN: 1, LINE: 6 
else -> ELSE_TOKEN, LEN: 4, LINE: 6 
\n -> END_OF_LINE_TOKEN, LEN: 1, LINE: 7 
while -> WHILE_TOKEN, LEN: 5, LINE: 7 
\n -> END_OF_LINE_TOKEN, LEN: 1, LINE: 8 
repeat -> REPEAT_TOKEN, LEN: 6, LINE: 8 
\n -> END_OF_LINE_TOKEN, LEN: 1, LINE: 9 
to -> TO_TOKEN, LEN: 2, LINE: 9 
\n -> END_OF_LINE_TOKEN, LEN: 1, LINE: 10 
step -> STEP_TOKEN, LEN: 4, LINE: 10 
\n -> END_OF_LINE_TOKEN, LEN: 1, LINE: 11 
on -> ON_TOKEN, LEN: 2, LINE: 11 
\n -> END_OF_LINE_TOKEN, LEN: 1, LINE: 12 
in -> IN_TOKEN, LEN: 2, LINE: 12 
\n -> END_OF_LINE_TOKEN, LEN: 1, LINE: 13 
stop -> STOP_TOKEN, LEN: 4, LINE: 13 
\n -> END_OF_LINE_TOKEN, LEN: 1, LINE: 14 
skip -> SKIP_TOKEN, LEN: 4, LINE: 14 
\n -> END_OF_LINE_TOKEN, LEN: 1, LINE: 15 
say -> SAY_TOKEN, LEN: 3, LINE: 15 
\n -> END_OF_LINE_TOKEN, LEN: 1, LINE: 16 
with -> WITH_TOKEN, LEN: 4, LINE: 16 
\n -> END_OF_LINE_TOKEN, LEN: 1, LINE: 17 
return -> RETURN_TOKEN, LEN: 6, LINE: 17 
\n -> END_OF_LINE_TOKEN, LEN: 1, LINE: 18 
true -> TRUE_TOKEN, LEN: 4, LINE: 18 
\n -> END_OF_LINE_TOKEN, LEN: 1, LINE: 19 
false -> FALSE_TOKEN, LEN: 5, LINE: 19 
\n -> END_OF_LINE_TOKEN, LEN: 1, LINE: 20 
int -> INT_TOKEN, LEN: 3, LINE: 20 
\n -> END_OF_LINE_TOKEN, LEN: 1, LINE: 21 
float -> FLOAT_TOKEN, LEN: 5, LINE: 21 
\n -> END_OF_LINE_TOKEN, LEN: 1, LINE: 22 
char -> CHAR_TOKEN, LEN: 4, LINE: 22 
\n -> END_OF_LINE_TOKEN, LEN: 1, LINE: 23 
list -> LIST_TOKEN, LEN: 4, LINE: 23 
\n -> END_OF_LINE_TOKEN, LEN: 1, LINE: 24 
string -> STRING_TOKEN, LEN: 6, LINE: 24 
\n -> END_OF_LINE_TOKEN, LEN: 1, LINE: 25 
bool -> BOOL_TOKEN, LEN: 4, LINE: 25 
\n -> END_OF_LINE_TOKEN, LEN: 1, LINE: 26 
void -> VOID_TOKEN, LEN: 4, LINE: 26 
\n -> END_OF_LINE_TOKEN, LEN: 1, LINE: 27 
is -> IS_TOKEN, LEN: 2, LINE: 27 
\n -> END_OF_LINE_TOKEN, LEN: 1, LINE: 28 
not -> NOT_TOKEN, LEN: 3, LINE: 28 
\n -> END_OF_LINE_TOKEN, LEN: 1, LINE: 29 
more -> MORE_TOKEN, LEN: 4, LINE: 29 
\n -> END_OF_LINE_TOKEN, LEN: 1, LINE: 30 
less -> LESS_TOKEN, LEN: 4, LINE: 30 
\n -> END_OF_LINE_TOKEN, LEN: 1, LINE: 31 
than -> THAN_TOKEN, LEN: 4, LINE: 31 
\n -> END_OF_LINE_TOKEN, LEN: 1, LINE: 32 
and -> AND_TOKEN, LEN: 3, LINE: 32 
\n -> END_OF_LINE_TOKEN, LEN: 1, LINE: 33 
or -> OR_TOKEN, LEN: 2, LINE: 33 
EOF -> EOF_TOKEN, LEN: 0, LINE: 33 
