x -> IDENTIFIER_TOKEN, LEN: 1, LINE: 1 
\n -> END_OF_LINE_TOKEN, LEN: 1, LINE: 2 
abc -> IDENTIFIER_TOKEN, LEN: 3, LINE: 2 
\n -> END_OF_LINE_TOKEN, LEN: 1, LINE: 3 
abc123 -> IDENTIFIER_TOKEN, LEN: 6, LINE: 3 
\n -> END_OF_LINE_TOKEN, LEN: 1, LINE: 4 
abc_123 -> IDENTIFIER_TOKEN, LEN: 7, LINE: 4 
\n -> END_OF_LINE_TOKEN, LEN: 1, LINE: 5 
_hello -> IDENTIFIER_TOKEN, LEN: 6, LINE: 5 
\n -> END_OF_LINE_TOKEN, LEN: 1, LINE: 6 
__ -> IDENTIFIER_TOKEN, LEN: 2, LINE: 6 
\n -> END_OF_LINE_TOKEN, LEN: 1, LINE: 7 
Create -> IDENTIFIER_TOKEN, LEN: 6, LINE: 7 
\n -> END_OF_LINE_TOKEN, LEN: 1, LINE: 8 
CREATE -> IDENTIFIER_TOKEN, LEN: 6, LINE: 8 
\n -> END_OF_LINE_TOKEN, LEN: 1, LINE: 9 
createVariable -> IDENTIFIER_TOKEN, LEN: 14, LINE: 9 
\n -> END_OF_LINE_TOKEN, LEN: 1, LINE: 10 
variableCreate -> IDENTIFIER_TOKEN, LEN: 14, LINE: 10 
\n -> END_OF_LINE_TOKEN, LEN: 1, LINE: 11 
create123 -> IDENTIFIER_TOKEN, LEN: 9, LINE: 11 
EOF -> EOF_TOKEN, LEN: 0, LINE: 11 
