0 -> INTEGER_LITERAL_TOKEN, LEN: 1, LINE: 1 
\n -> END_OF_LINE_TOKEN, LEN: 1, LINE: 2 
1 -> INTEGER_LITERAL_TOKEN, LEN: 1, LINE: 2 
\n -> END_OF_LINE_TOKEN, LEN: 1, LINE: 3 
42 -> INTEGER_LITERAL_TOKEN, LEN: 2, LINE: 3 
\n -> END_OF_LINE_TOKEN, LEN: 1, LINE: 4 
123456789 -> INTEGER_LITERAL_TOKEN, LEN: 9, LINE: 4 
\n -> END_OF_LINE_TOKEN, LEN: 1, LINE: 5 
000 -> INTEGER_LITERAL_TOKEN, LEN: 3, LINE: 5 
\n -> END_OF_LINE_TOKEN, LEN: 1, LINE: 6 
00123 -> INTEGER_LITERAL_TOKEN, LEN: 5, LINE: 6 
\n -> END_OF_LINE_TOKEN, LEN: 1, LINE: 7 
999999999999999999999999999999 -> INTEGER_LITERAL_TOKEN, LEN: 30, LINE: 7 
EOF -> EOF_TOKEN, LEN: 0, LINE: 7 
