0.0 -> FLOAT_LITERAL_TOKEN, LEN: 3, LINE: 1 
\n -> END_OF_LINE_TOKEN, LEN: 1, LINE: 2 
1.0 -> FLOAT_LITERAL_TOKEN, LEN: 3, LINE: 2 
\n -> END_OF_LINE_TOKEN, LEN: 1, LINE: 3 
3.14159 -> FLOAT_LITERAL_TOKEN, LEN: 7, LINE: 3 
\n -> END_OF_LINE_TOKEN, LEN: 1, LINE: 4 
123456.789 -> FLOAT_LITERAL_TOKEN, LEN: 10, LINE: 4 
\n -> END_OF_LINE_TOKEN, LEN: 1, LINE: 5 
1. -> FLOAT_LITERAL_TOKEN, LEN: 2, LINE: 5 
\n -> END_OF_LINE_TOKEN, LEN: 1, LINE: 6 
0. -> FLOAT_LITERAL_TOKEN, LEN: 2, LINE: 6 
\n -> END_OF_LINE_TOKEN, LEN: 1, LINE: 7 
9999999999999999999999999999. -> FLOAT_LITERAL_TOKEN, LEN: 29, LINE: 7 
EOF -> EOF_TOKEN, LEN: 0, LINE: 7 
