 -> CHAR_LITERAL_TOKEN, LEN: 0, LINE: 1 
\n -> END_OF_LINE_TOKEN, LEN: 1, LINE: 2 
a -> CHAR_LITERAL_TOKEN, LEN: 1, LINE: 2 
\n -> END_OF_LINE_TOKEN, LEN: 1, LINE: 3 
b -> CHAR_LITERAL_TOKEN, LEN: 1, LINE: 3 
\n -> END_OF_LINE_TOKEN, LEN: 1, LINE: 4 
  -> CHAR_LITERAL_TOKEN, LEN: 1, LINE: 4 
\n -> END_OF_LINE_TOKEN, LEN: 1, LINE: 5 
\n -> CHAR_LITERAL_TOKEN, LEN: 1, LINE: 5 
\n -> END_OF_LINE_TOKEN, LEN: 1, LINE: 6 
\t -> CHAR_LITERAL_TOKEN, LEN: 1, LINE: 6 
\n -> END_OF_LINE_TOKEN, LEN: 1, LINE: 7 
\x -> STRING_LITERAL_TOKEN, LEN: 2, LINE: 7 
EOF -> EOF_TOKEN, LEN: 0, LINE: 7 
