ab -> STRING_LITERAL_TOKEN, LEN: 2, LINE: 1 
\n -> END_OF_LINE_TOKEN, LEN: 1, LINE: 2 
cd -> STRING_LITERAL_TOKEN, LEN: 2, LINE: 2 
\n -> END_OF_LINE_TOKEN, LEN: 1, LINE: 3 
Hello, World! -> STRING_LITERAL_TOKEN, LEN: 13, LINE: 3 
\n -> END_OF_LINE_TOKEN, LEN: 1, LINE: 4 
Hello 123 -> STRING_LITERAL_TOKEN, LEN: 9, LINE: 4 
\n -> END_OF_LINE_TOKEN, LEN: 1, LINE: 5 
Hello	World -> STRING_LITERAL_TOKEN, LEN: 11, LINE: 5 
\n -> END_OF_LINE_TOKEN, LEN: 1, LINE: 6 
Hello
World -> STRING_LITERAL_TOKEN, LEN: 11, LINE: 6 
\n -> END_OF_LINE_TOKEN, LEN: 1, LINE: 7 
\" -> STRING_LITERAL_TOKEN, LEN: 2, LINE: 7 
\n -> END_OF_LINE_TOKEN, LEN: 1, LINE: 8 
\\ -> STRING_LITERAL_TOKEN, LEN: 2, LINE: 8 
\n -> END_OF_LINE_TOKEN, LEN: 1, LINE: 9 
multi linestring -> STRING_LITERAL_TOKEN, LEN: 16, LINE: 10 
EOF -> EOF_TOKEN, LEN: 0, LINE: 10 
