+ -> PLUS_TOKEN, LEN: 1, LINE: 1 
\n -> END_OF_LINE_TOKEN, LEN: 1, LINE: 2 
- -> MINUS_TOKEN, LEN: 1, LINE: 2 
\n -> END_OF_LINE_TOKEN, LEN: 1, LINE: 3 
* -> MULT_TOKEN, LEN: 1, LINE: 3 
\n -> END_OF_LINE_TOKEN, LEN: 1, LINE: 4 
/ -> DIVIDE_TOKEN, LEN: 1, LINE: 4 
\n -> END_OF_LINE_TOKEN, LEN: 1, LINE: 5 
% -> MODULO_TOKEN, LEN: 1, LINE: 5 
\n -> END_OF_LINE_TOKEN, LEN: 1, LINE: 6 
+= -> ADD_TO_TOKEN, LEN: 2, LINE: 6 
\n -> END_OF_LINE_TOKEN, LEN: 1, LINE: 7 
-= -> SUB_TO_TOKEN, LEN: 2, LINE: 7 
\n -> END_OF_LINE_TOKEN, LEN: 1, LINE: 8 
*= -> MULT_TO_TOKEN, LEN: 2, LINE: 8 
\n -> END_OF_LINE_TOKEN, LEN: 1, LINE: 9 
/= -> DIVIDE_TO_TOKEN, LEN: 2, LINE: 9 
\n -> END_OF_LINE_TOKEN, LEN: 1, LINE: 10 
%= -> MOD_TO_TOKEN, LEN: 2, LINE: 10 
\n -> END_OF_LINE_TOKEN, LEN: 1, LINE: 11 
= -> ASSIGN_TOKEN, LEN: 1, LINE: 11 
\n -> END_OF_LINE_TOKEN, LEN: 1, LINE: 12 
( -> OPEN_PAREN_TOKEN, LEN: 1, LINE: 12 
) -> CLOSE_PAREN_TOKEN, LEN: 1, LINE: 13 
\n -> END_OF_LINE_TOKEN, LEN: 1, LINE: 14 
[ -> OPEN_BRACKET_TOKEN, LEN: 1, LINE: 14 
] -> CLOSE_BRACKET_TOKEN, LEN: 1, LINE: 15 
\n -> END_OF_LINE_TOKEN, LEN: 1, LINE: 16 
: -> COLON_TOKEN, LEN: 1, LINE: 16 
\n -> END_OF_LINE_TOKEN, LEN: 1, LINE: 17 
, -> COMMA_TOKEN, LEN: 1, LINE: 17 
EOF -> EOF_TOKEN, LEN: 0, LINE: 17 
