a -> IDENTIFIER_TOKEN, LEN: 1, LINE: 1 
+ -> PLUS_TOKEN, LEN: 1, LINE: 1 
b -> IDENTIFIER_TOKEN, LEN: 1, LINE: 1 
\n -> END_OF_LINE_TOKEN, LEN: 1, LINE: 2 
a -> IDENTIFIER_TOKEN, LEN: 1, LINE: 2 
- -> MINUS_TOKEN, LEN: 1, LINE: 2 
b -> IDENTIFIER_TOKEN, LEN: 1, LINE: 2 
\n -> END_OF_LINE_TOKEN, LEN: 1, LINE: 3 
x -> IDENTIFIER_TOKEN, LEN: 1, LINE: 3 
+= -> ADD_TO_TOKEN, LEN: 2, LINE: 3 
10 -> INTEGER_LITERAL_TOKEN, LEN: 2, LINE: 3 
\n -> END_OF_LINE_TOKEN, LEN: 1, LINE: 4 
y -> IDENTIFIER_TOKEN, LEN: 1, LINE: 4 
= -> ASSIGN_TOKEN, LEN: 1, LINE: 4 
20 -> INTEGER_LITERAL_TOKEN, LEN: 2, LINE: 4 
\n -> END_OF_LINE_TOKEN, LEN: 1, LINE: 5 
( -> OPEN_PAREN_TOKEN, LEN: 1, LINE: 5 
x -> IDENTIFIER_TOKEN, LEN: 1, LINE: 5 
) -> CLOSE_PAREN_TOKEN, LEN: 1, LINE: 5 
\n -> END_OF_LINE_TOKEN, LEN: 1, LINE: 6 
[ -> OPEN_BRACKET_TOKEN, LEN: 1, LINE: 6 
1 -> INTEGER_LITERAL_TOKEN, LEN: 1, LINE: 6 
, -> COMMA_TOKEN, LEN: 1, LINE: 6 
2 -> INTEGER_LITERAL_TOKEN, LEN: 1, LINE: 6 
, -> COMMA_TOKEN, LEN: 1, LINE: 6 
3 -> INTEGER_LITERAL_TOKEN, LEN: 1, LINE: 6 
] -> CLOSE_BRACKET_TOKEN, LEN: 1, LINE: 6 
EOF -> EOF_TOKEN, LEN: 0, LINE: 6 
