void -> VOID_TOKEN, LEN: 4, LINE: 1 
main -> IDENTIFIER_TOKEN, LEN: 4, LINE: 1 
start -> START_SCOPE_TOKEN, LEN: 5, LINE: 1 
: -> COLON_TOKEN, LEN: 1, LINE: 1 
\n -> END_OF_LINE_TOKEN, LEN: 1, LINE: 2 
say -> SAY_TOKEN, LEN: 3, LINE: 2 
1 -> INTEGER_LITERAL_TOKEN, LEN: 1, LINE: 2 
\n -> END_OF_LINE_TOKEN, LEN: 1, LINE: 3 
end -> END_SCOPE_TOKEN, LEN: 3, LINE: 3 
\n -> END_OF_LINE_TOKEN, LEN: 1, LINE: 4 
\n -> END_OF_LINE_TOKEN, LEN: 1, LINE: 5 
int -> INT_TOKEN, LEN: 3, LINE: 5 
add -> IDENTIFIER_TOKEN, LEN: 3, LINE: 5 
with -> WITH_TOKEN, LEN: 4, LINE: 5 
[ -> OPEN_BRACKET_TOKEN, LEN: 1, LINE: 5 
a -> IDENTIFIER_TOKEN, LEN: 1, LINE: 5 
as -> AS_TOKEN, LEN: 2, LINE: 5 
int -> INT_TOKEN, LEN: 3, LINE: 5 
, -> COMMA_TOKEN, LEN: 1, LINE: 5 
b -> IDENTIFIER_TOKEN, LEN: 1, LINE: 5 
as -> AS_TOKEN, LEN: 2, LINE: 5 
int -> INT_TOKEN, LEN: 3, LINE: 5 
] -> CLOSE_BRACKET_TOKEN, LEN: 1, LINE: 5 
start -> START_SCOPE_TOKEN, LEN: 5, LINE: 5 
: -> COLON_TOKEN, LEN: 1, LINE: 5 
\n -> END_OF_LINE_TOKEN, LEN: 1, LINE: 6 
return -> RETURN_TOKEN, LEN: 6, LINE: 6 
a -> IDENTIFIER_TOKEN, LEN: 1, LINE: 6 
+ -> PLUS_TOKEN, LEN: 1, LINE: 6 
b -> IDENTIFIER_TOKEN, LEN: 1, LINE: 6 
\n -> END_OF_LINE_TOKEN, LEN: 1, LINE: 7 
end -> END_SCOPE_TOKEN, LEN: 3, LINE: 7 
\n -> END_OF_LINE_TOKEN, LEN: 1, LINE: 8 
\n -> END_OF_LINE_TOKEN, LEN: 1, LINE: 9 
float -> FLOAT_TOKEN, LEN: 5, LINE: 9 
area -> IDENTIFIER_TOKEN, LEN: 4, LINE: 9 
with -> WITH_TOKEN, LEN: 4, LINE: 9 
[ -> OPEN_BRACKET_TOKEN, LEN: 1, LINE: 9 
r -> IDENTIFIER_TOKEN, LEN: 1, LINE: 9 
as -> AS_TOKEN, LEN: 2, LINE: 9 
float -> FLOAT_TOKEN, LEN: 5, LINE: 9 
= -> ASSIGN_TOKEN, LEN: 1, LINE: 9 
1.0 -> FLOAT_LITERAL_TOKEN, LEN: 3, LINE: 9 
] -> CLOSE_BRACKET_TOKEN, LEN: 1, LINE: 9 
start -> START_SCOPE_TOKEN, LEN: 5, LINE: 9 
: -> COLON_TOKEN, LEN: 1, LINE: 9 
\n -> END_OF_LINE_TOKEN, LEN: 1, LINE: 10 
return -> RETURN_TOKEN, LEN: 6, LINE: 10 
r -> IDENTIFIER_TOKEN, LEN: 1, LINE: 10 
* -> MULT_TOKEN, LEN: 1, LINE: 10 
r -> IDENTIFIER_TOKEN, LEN: 1, LINE: 10 
\n -> END_OF_LINE_TOKEN, LEN: 1, LINE: 11 
end -> END_SCOPE_TOKEN, LEN: 3, LINE: 11 
EOF -> EOF_TOKEN, LEN: 0, LINE: 11 
