create -> CREATE_TOKEN, LEN: 6, LINE: 1 
greeting -> IDENTIFIER_TOKEN, LEN: 8, LINE: 1 
as -> AS_TOKEN, LEN: 2, LINE: 1 
string -> STRING_TOKEN, LEN: 6, LINE: 1 
= -> ASSIGN_TOKEN, LEN: 1, LINE: 1 
Hello -> STRING_LITERAL_TOKEN, LEN: 5, LINE: 1 
\n -> END_OF_LINE_TOKEN, LEN: 1, LINE: 2 
create -> CREATE_TOKEN, LEN: 6, LINE: 2 
x -> IDENTIFIER_TOKEN, LEN: 1, LINE: 2 
as -> AS_TOKEN, LEN: 2, LINE: 2 
int -> INT_TOKEN, LEN: 3, LINE: 2 
= -> ASSIGN_TOKEN, LEN: 1, LINE: 2 
10 -> INTEGER_LITERAL_TOKEN, LEN: 2, LINE: 2 
\n -> END_OF_LINE_TOKEN, LEN: 1, LINE: 3 
\n -> END_OF_LINE_TOKEN, LEN: 1, LINE: 4 
void -> VOID_TOKEN, LEN: 4, LINE: 4 
main -> IDENTIFIER_TOKEN, LEN: 4, LINE: 4 
start -> START_SCOPE_TOKEN, LEN: 5, LINE: 4 
: -> COLON_TOKEN, LEN: 1, LINE: 4 
\n -> END_OF_LINE_TOKEN, LEN: 1, LINE: 5 
say -> SAY_TOKEN, LEN: 3, LINE: 5 
greeting -> IDENTIFIER_TOKEN, LEN: 8, LINE: 5 
\n -> END_OF_LINE_TOKEN, LEN: 1, LINE: 6 
\n -> END_OF_LINE_TOKEN, LEN: 1, LINE: 7 
if -> IF_TOKEN, LEN: 2, LINE: 7 
( -> OPEN_PAREN_TOKEN, LEN: 1, LINE: 7 
x -> IDENTIFIER_TOKEN, LEN: 1, LINE: 7 
more -> MORE_TOKEN, LEN: 4, LINE: 7 
than -> THAN_TOKEN, LEN: 4, LINE: 7 
5 -> INTEGER_LITERAL_TOKEN, LEN: 1, LINE: 7 
) -> CLOSE_PAREN_TOKEN, LEN: 1, LINE: 7 
start -> START_SCOPE_TOKEN, LEN: 5, LINE: 7 
: -> COLON_TOKEN, LEN: 1, LINE: 7 
\n -> END_OF_LINE_TOKEN, LEN: 1, LINE: 8 
say -> SAY_TOKEN, LEN: 3, LINE: 8 
x -> IDENTIFIER_TOKEN, LEN: 1, LINE: 8 
\n -> END_OF_LINE_TOKEN, LEN: 1, LINE: 9 
end -> END_SCOPE_TOKEN, LEN: 3, LINE: 9 
\n -> END_OF_LINE_TOKEN, LEN: 1, LINE: 10 
else -> ELSE_TOKEN, LEN: 4, LINE: 10 
start -> START_SCOPE_TOKEN, LEN: 5, LINE: 10 
: -> COLON_TOKEN, LEN: 1, LINE: 10 
\n -> END_OF_LINE_TOKEN, LEN: 1, LINE: 11 
say -> SAY_TOKEN, LEN: 3, LINE: 11 
0 -> INTEGER_LITERAL_TOKEN, LEN: 1, LINE: 11 
\n -> END_OF_LINE_TOKEN, LEN: 1, LINE: 12 
end -> END_SCOPE_TOKEN, LEN: 3, LINE: 12 
\n -> END_OF_LINE_TOKEN, LEN: 1, LINE: 13 
\n -> END_OF_LINE_TOKEN, LEN: 1, LINE: 14 
while -> WHILE_TOKEN, LEN: 5, LINE: 14 
( -> OPEN_PAREN_TOKEN, LEN: 1, LINE: 14 
x -> IDENTIFIER_TOKEN, LEN: 1, LINE: 14 
more -> MORE_TOKEN, LEN: 4, LINE: 14 
than -> THAN_TOKEN, LEN: 4, LINE: 14 
0 -> INTEGER_LITERAL_TOKEN, LEN: 1, LINE: 14 
) -> CLOSE_PAREN_TOKEN, LEN: 1, LINE: 14 
start -> START_SCOPE_TOKEN, LEN: 5, LINE: 14 
: -> COLON_TOKEN, LEN: 1, LINE: 14 
\n -> END_OF_LINE_TOKEN, LEN: 1, LINE: 15 
x -> IDENTIFIER_TOKEN, LEN: 1, LINE: 15 
-= -> SUB_TO_TOKEN, LEN: 2, LINE: 15 
1 -> INTEGER_LITERAL_TOKEN, LEN: 1, LINE: 15 
\n -> END_OF_LINE_TOKEN, LEN: 1, LINE: 16 
end -> END_SCOPE_TOKEN, LEN: 3, LINE: 16 
\n -> END_OF_LINE_TOKEN, LEN: 1, LINE: 17 
\n -> END_OF_LINE_TOKEN, LEN: 1, LINE: 18 
repeat -> REPEAT_TOKEN, LEN: 6, LINE: 18 
( -> OPEN_PAREN_TOKEN, LEN: 1, LINE: 18 
i -> IDENTIFIER_TOKEN, LEN: 1, LINE: 18 
, -> COMMA_TOKEN, LEN: 1, LINE: 18 
0 -> INTEGER_LITERAL_TOKEN, LEN: 1, LINE: 18 
to -> TO_TOKEN, LEN: 2, LINE: 18 
3 -> INTEGER_LITERAL_TOKEN, LEN: 1, LINE: 18 
, -> COMMA_TOKEN, LEN: 1, LINE: 18 
step -> STEP_TOKEN, LEN: 4, LINE: 18 
1 -> INTEGER_LITERAL_TOKEN, LEN: 1, LINE: 18 
) -> CLOSE_PAREN_TOKEN, LEN: 1, LINE: 18 
start -> START_SCOPE_TOKEN, LEN: 5, LINE: 18 
: -> COLON_TOKEN, LEN: 1, LINE: 18 
\n -> END_OF_LINE_TOKEN, LEN: 1, LINE: 19 
say -> SAY_TOKEN, LEN: 3, LINE: 19 
i -> IDENTIFIER_TOKEN, LEN: 1, LINE: 19 
\n -> END_OF_LINE_TOKEN, LEN: 1, LINE: 20 
end -> END_SCOPE_TOKEN, LEN: 3, LINE: 20 
\n -> END_OF_LINE_TOKEN, LEN: 1, LINE: 21 
\n -> END_OF_LINE_TOKEN, LEN: 1, LINE: 22 
repeat -> REPEAT_TOKEN, LEN: 6, LINE: 22 
on -> ON_TOKEN, LEN: 2, LINE: 22 
( -> OPEN_PAREN_TOKEN, LEN: 1, LINE: 22 
n -> IDENTIFIER_TOKEN, LEN: 1, LINE: 22 
in -> IN_TOKEN, LEN: 2, LINE: 22 
lst -> IDENTIFIER_TOKEN, LEN: 3, LINE: 22 
) -> CLOSE_PAREN_TOKEN, LEN: 1, LINE: 22 
start -> START_SCOPE_TOKEN, LEN: 5, LINE: 22 
: -> COLON_TOKEN, LEN: 1, LINE: 22 
\n -> END_OF_LINE_TOKEN, LEN: 1, LINE: 23 
say -> SAY_TOKEN, LEN: 3, LINE: 23 
n -> IDENTIFIER_TOKEN, LEN: 1, LINE: 23 
\n -> END_OF_LINE_TOKEN, LEN: 1, LINE: 24 
end -> END_SCOPE_TOKEN, LEN: 3, LINE: 24 
\n -> END_OF_LINE_TOKEN, LEN: 1, LINE: 25 
end -> END_SCOPE_TOKEN, LEN: 3, LINE: 25 
EOF -> EOF_TOKEN, LEN: 0, LINE: 25 
