helloWorld -> IDENTIFIER_TOKEN, LEN: 10, LINE: 1 
\n -> END_OF_LINE_TOKEN, LEN: 1, LINE: 2 
Hello -> IDENTIFIER_TOKEN, LEN: 5, LINE: 2 
\n -> END_OF_LINE_TOKEN, LEN: 1, LINE: 3 
HELLO -> IDENTIFIER_TOKEN, LEN: 5, LINE: 3 
\n -> END_OF_LINE_TOKEN, LEN: 1, LINE: 4 
_x -> IDENTIFIER_TOKEN, LEN: 2, LINE: 4 
\n -> END_OF_LINE_TOKEN, LEN: 1, LINE: 5 
__x__ -> IDENTIFIER_TOKEN, LEN: 5, LINE: 5 
\n -> END_OF_LINE_TOKEN, LEN: 1, LINE: 6 
x_1_y_2 -> IDENTIFIER_TOKEN, LEN: 7, LINE: 6 
EOF -> EOF_TOKEN, LEN: 0, LINE: 6 
