say -> SAY_TOKEN, LEN: 3, LINE: 1 
hello  -> STRING_LITERAL_TOKEN, LEN: 6, LINE: 1 
[ -> OPEN_BRACKET_TOKEN, LEN: 1, LINE: 1 
name -> IDENTIFIER_TOKEN, LEN: 4, LINE: 1 
] -> CLOSE_BRACKET_TOKEN, LEN: 1, LINE: 1 
 world -> STRING_LITERAL_TOKEN, LEN: 6, LINE: 1 
\n -> END_OF_LINE_TOKEN, LEN: 1, LINE: 2 
say -> SAY_TOKEN, LEN: 3, LINE: 2 
[ -> OPEN_BRACKET_TOKEN, LEN: 1, LINE: 2 
x -> IDENTIFIER_TOKEN, LEN: 1, LINE: 2 
] -> CLOSE_BRACKET_TOKEN, LEN: 1, LINE: 2 
\n -> END_OF_LINE_TOKEN, LEN: 1, LINE: 3 
say -> SAY_TOKEN, LEN: 3, LINE: 3 
a -> STRING_LITERAL_TOKEN, LEN: 1, LINE: 3 
[ -> OPEN_BRACKET_TOKEN, LEN: 1, LINE: 3 
f -> IDENTIFIER_TOKEN, LEN: 1, LINE: 3 
( -> OPEN_PAREN_TOKEN, LEN: 1, LINE: 3 
x -> IDENTIFIER_TOKEN, LEN: 1, LINE: 3 
) -> CLOSE_PAREN_TOKEN, LEN: 1, LINE: 3 
] -> CLOSE_BRACKET_TOKEN, LEN: 1, LINE: 3 
b -> STRING_LITERAL_TOKEN, LEN: 1, LINE: 3 
\n -> END_OF_LINE_TOKEN, LEN: 1, LINE: 4 
EOF -> EOF_TOKEN, LEN: 0, LINE: 4 
