PROGRAM_NODE (line 0)
├─ ASSIGNMENT_NODE (line 1)
│  ├─ target:
│  │  └─ INDEX_NODE (line 1)
│  │     ├─ target:
│  │     │  └─ IDENTIFIER_NODE (line 1)
│  │     │     └─ name: 'numbers'
│  │     └─ index:
│  │        └─ LITERAL_NODE (line 1)
│  │           └─ TYPE_INT '0'
│  ├─ op: ASSIGN_TOKEN
│  └─ value:
│     └─ LITERAL_NODE (line 1)
│        └─ TYPE_INT '5'
└─ ASSIGNMENT_NODE (line 2)
   ├─ target:
   │  └─ INDEX_NODE (line 2)
   │     ├─ target:
   │     │  └─ IDENTIFIER_NODE (line 2)
   │     │     └─ name: 'numbers'
   │     └─ index:
   │        └─ ARITHMETIC_EXPR_NODE (line 2)
   │           ├─ op: PLUS_TOKEN
   │           ├─ left:
   │           │  └─ IDENTIFIER_NODE (line 2)
   │           │     └─ name: 'x'
   │           └─ right:
   │              └─ LITERAL_NODE (line 2)
   │                 └─ TYPE_INT '1'
   ├─ op: ADD_TO_TOKEN
   └─ value:
      └─ LITERAL_NODE (line 2)
         └─ TYPE_INT '10'
