PROGRAM_NODE (line 0)
└─ FUNCTION_NODE (line 1)
   ├─ name: 'main'
   ├─ return: TYPE_VOID
   └─ body:
      ├─ CREATE_VAR_NODE (line 2)
      │  ├─ name: 'a'
      │  ├─ type: TYPE_INT
      │  └─ value:
      │     └─ INPUT_NODE (line 2)
      │        └─ type: TYPE_INT
      ├─ CREATE_VAR_NODE (line 3)
      │  ├─ name: 'b'
      │  ├─ type: TYPE_STRING
      │  └─ value:
      │     └─ INPUT_NODE (line 3)
      │        └─ type: TYPE_STRING
      └─ ASSIGNMENT_NODE (line 4)
         ├─ target:
         │  └─ IDENTIFIER_NODE (line 4)
         │     └─ name: 'x'
         ├─ op: ASSIGN_TOKEN
         └─ value:
            └─ INPUT_NODE (line 4)
               └─ type: TYPE_INT
