PROGRAM_NODE (line 0)
└─ FUNCTION_NODE (line 1)
   ├─ name: 'main'
   ├─ return: TYPE_VOID
   └─ body:
      ├─ CREATE_VAR_NODE (line 2)
      │  ├─ name: 'lst'
      │  ├─ type: TYPE_LIST(TYPE_INT)
      │  └─ value:
      │     └─ LIST_LITERAL_NODE (line 2)
      │        └─ values:
      │           ├─ LITERAL_NODE (line 2)
      │           │  └─ TYPE_INT '10'
      │           ├─ LITERAL_NODE (line 2)
      │           │  └─ TYPE_INT '20'
      │           └─ LITERAL_NODE (line 2)
      │              └─ TYPE_INT '30'
      ├─ CREATE_VAR_NODE (line 3)
      │  ├─ name: 'i'
      │  ├─ type: TYPE_INT
      │  └─ value:
      │     └─ LITERAL_NODE (line 3)
      │        └─ TYPE_INT '1'
      ├─ CREATE_VAR_NODE (line 4)
      │  ├─ name: 'm'
      │  ├─ type: TYPE_LIST(TYPE_LIST(TYPE_INT))
      │  └─ value:
      │     └─ LIST_LITERAL_NODE (line 4)
      │        └─ values:
      │           ├─ LIST_LITERAL_NODE (line 4)
      │           │  └─ values:
      │           │     ├─ LITERAL_NODE (line 4)
      │           │     │  └─ TYPE_INT '1'
      │           │     └─ LITERAL_NODE (line 4)
      │           │        └─ TYPE_INT '2'
      │           └─ LIST_LITERAL_NODE (line 4)
      │              └─ values:
      │                 ├─ LITERAL_NODE (line 4)
      │                 │  └─ TYPE_INT '3'
      │                 └─ LITERAL_NODE (line 4)
      │                    └─ TYPE_INT '4'
      ├─ SAY_NODE (line 5)
      │  └─ value:
      │     ├─ LITERAL_NODE (line 5)
      │     │  └─ TYPE_STRING 'see: '
      │     └─ INDEX_NODE (line 5)
      │        ├─ target:
      │        │  └─ IDENTIFIER_NODE (line 5)
      │        │     └─ name: 'lst'
      │        └─ index:
      │           └─ IDENTIFIER_NODE (line 5)
      │              └─ name: 'i'
      └─ SAY_NODE (line 6)
         └─ value:
            ├─ LITERAL_NODE (line 6)
            │  └─ TYPE_STRING 'nested: '
            ├─ INDEX_NODE (line 6)
            │  ├─ target:
            │  │  └─ INDEX_NODE (line 6)
            │  │     ├─ target:
            │  │     │  └─ IDENTIFIER_NODE (line 6)
            │  │     │     └─ name: 'm'
            │  │     └─ index:
            │  │        └─ LITERAL_NODE (line 6)
            │  │           └─ TYPE_INT '0'
            │  └─ index:
            │     └─ LITERAL_NODE (line 6)
            │        └─ TYPE_INT '1'
            └─ LITERAL_NODE (line 6)
               └─ TYPE_STRING ' done'
